// Jest Snapshot v1, https://goo.gl/fbAQLP

exports[`Render should render component 1`] = `
<div
  className="modal-body"
>
  <div
    className="modal-header"
  >
    <h2
      className="modal-header-title"
    >
      <i
        className="fa fa-key"
      />
      <span
        className="p-l-1"
      >
        API Key Created
      </span>
    </h2>
    <a
      className="modal-header-close"
      ng-click="dismiss();"
    >
      <i
        className="fa fa-remove"
      />
    </a>
  </div>
  <div
    className="modal-content"
  >
    <div
      className="gf-form-group"
    >
      <div
        className="gf-form"
      >
        <span
          className="gf-form-label"
        >
          Key
        </span>
        <span
          className="gf-form-label"
        >
          api key test
        </span>
      </div>
    </div>
    <div
      className="grafana-info-box"
      style={
        Object {
          "border": 0,
        }
      }
    >
      您只能在此处查看此密钥一次！它不以此形式存储。所以一定要现在复制它。
      <br />
      <br />
      您可以使用Authorization HTTP标头验证请求，例如：
      <br />
      <br />
      <pre
        className="small"
      >
        curl -H "Authorization: Bearer 
        api key test
        " 
        test/path
        /api/dashboards/home
      </pre>
    </div>
  </div>
</div>
`;
